// Jest Snapshot v1, https://goo.gl/fbAQLP

exports[`filteritems User navigates to filteritems 1`] = `
<SafeAreaView
  style={
    Object {
      "backgroundColor": "#ffffffff",
      "flex": 1,
      "marginLeft": "auto",
      "marginRight": "auto",
      "maxWidth": 650,
      "width": "100%",
    }
  }
>
  <View
    style={
      Object {
        "backgroundColor": "#FFF",
        "borderBottomColor": "#ccc",
        "borderBottomWidth": 1,
        "display": "flex",
        "flexDirection": "row",
        "shadowColor": "black",
        "shadowOffset": Object {
          "height": 1,
          "width": 1,
        },
        "shadowOpacity": 1,
      }
    }
  >
    <TouchableOpacity
      activeOpacity={0.2}
      onPress={[Function]}
      style={
        Array [
          Object {
            "alignItems": "center",
            "justifyContent": "center",
            "marginVertical": 12,
            "paddingVertical": 5,
            "width": "100%",
          },
          Object {
            "display": "flex",
            "flexDirection": "row",
          },
        ]
      }
      testID="navigateToFilter"
    >
      <Icon
        allowFontScaling={false}
        color="#808080"
        name="filter"
        size={15}
        style={
          Object {
            "marginRight": 12,
          }
        }
      />
      <Text
        style={
          Object {
            "color": "#000",
            "fontSize": 16,
            "textAlign": "center",
          }
        }
      >
        Filter
      </Text>
    </TouchableOpacity>
  </View>
  <ScrollViewMock
    keyboardShouldPersistTaps="always"
  >
    <TouchableWithoutFeedback
      onPress={[Function]}
    >
      <View>
        <View
          style={
            Array [
              Object {
                "backgroundColor": "white",
                "flex": 1,
                "justifyContent": "center",
                "width": "100%",
              },
              Object {
                "display": "flex",
                "flexDirection": "row",
              },
            ]
          }
        >
          <FlatList
            columnWrapperStyle={
              Object {
                "flex": 1,
                "justifyContent": "space-between",
              }
            }
            data=""
            disableVirtualization={false}
            extraData={
              Object {
                "arrayHolder": Array [],
                "data": "",
                "token": "",
              }
            }
            horizontal={false}
            initialNumToRender={10}
            keyExtractor={[Function]}
            maxToRenderPerBatch={10}
            numColumns={2}
            onEndReachedThreshold={2}
            removeClippedSubviews={false}
            renderItem={[Function]}
            scrollEventThrottle={50}
            updateCellsBatchingPeriod={50}
            windowSize={21}
          />
        </View>
      </View>
    </TouchableWithoutFeedback>
  </ScrollViewMock>
</SafeAreaView>
`;

exports[`filteritems User navigates to filteritems 2`] = `
<SafeAreaView
  style={
    Object {
      "backgroundColor": "#ffffffff",
      "flex": 1,
      "marginLeft": "auto",
      "marginRight": "auto",
      "maxWidth": 650,
      "width": "100%",
    }
  }
>
  <View
    style={
      Object {
        "backgroundColor": "#FFF",
        "borderBottomColor": "#ccc",
        "borderBottomWidth": 1,
        "display": "flex",
        "flexDirection": "row",
        "shadowColor": "black",
        "shadowOffset": Object {
          "height": 1,
          "width": 1,
        },
        "shadowOpacity": 1,
      }
    }
  >
    <TouchableOpacity
      activeOpacity={0.2}
      onPress={[Function]}
      style={
        Array [
          Object {
            "alignItems": "center",
            "justifyContent": "center",
            "marginVertical": 12,
            "paddingVertical": 5,
            "width": "100%",
          },
          Object {
            "display": "flex",
            "flexDirection": "row",
          },
        ]
      }
      testID="navigateToFilter"
    >
      <Icon
        allowFontScaling={false}
        color="#808080"
        name="filter"
        size={15}
        style={
          Object {
            "marginRight": 12,
          }
        }
      />
      <Text
        style={
          Object {
            "color": "#000",
            "fontSize": 16,
            "textAlign": "center",
          }
        }
      >
        Filter
      </Text>
    </TouchableOpacity>
  </View>
  <ScrollViewMock
    keyboardShouldPersistTaps="always"
  >
    <TouchableWithoutFeedback
      onPress={[Function]}
    >
      <View>
        <View
          style={
            Array [
              Object {
                "backgroundColor": "white",
                "flex": 1,
                "justifyContent": "center",
                "width": "100%",
              },
              Object {
                "display": "flex",
                "flexDirection": "row",
              },
            ]
          }
        >
          <FlatList
            columnWrapperStyle={
              Object {
                "flex": 1,
                "justifyContent": "space-between",
              }
            }
            data=""
            disableVirtualization={false}
            extraData={
              Object {
                "arrayHolder": Array [],
                "data": "",
                "token": "",
              }
            }
            horizontal={false}
            initialNumToRender={10}
            keyExtractor={[Function]}
            maxToRenderPerBatch={10}
            numColumns={2}
            onEndReachedThreshold={2}
            removeClippedSubviews={false}
            renderItem={[Function]}
            scrollEventThrottle={50}
            updateCellsBatchingPeriod={50}
            windowSize={21}
          />
        </View>
      </View>
    </TouchableWithoutFeedback>
  </ScrollViewMock>
</SafeAreaView>
`;
